com\redmancometh\redcore\mediators\ObjectManager.class
com\redmancometh\redcore\util\MetaUtil.class
com\redmancometh\redcore\config\MenuTemplate.class
com\redmancometh\redcore\databasing\SubDatabase.class
com\redmancometh\redcore\sliceable\SlicedMap.class
com\redmancometh\redcore\config\ConfigManager$MaterialAdapter.class
com\redmancometh\redcore\Defaultable.class
com\redmancometh\redcore\mediators\NulledObjectManager.class
com\redmancometh\redcore\sliceable\SlicedCollection.class
com\redmancometh\redcore\util\DefaultableString.class
com\redmancometh\redcore\util\ItemUtil.class
com\redmancometh\redcore\util\ReflectUtil.class
com\redmancometh\redcore\config\ConfigManager.class
com\redmancometh\redcore\RedPlugin$1.class
com\redmancometh\redcore\TestableDefaultable.class
com\redmancometh\redcore\exceptions\ObjectNotPresentException.class
com\redmancometh\redcore\util\CooldownUtil.class
com\redmancometh\redcore\RedPlugins.class
com\redmancometh\redcore\MenuPlugin.class
com\redmancometh\redcore\RedPlugin.class
com\redmancometh\redcore\RedCore.class
com\redmancometh\redcore\listener\LoginListeners.class
com\redmancometh\redcore\util\TriConsumer.class
com\redmancometh\redcore\util\CooldownUtil$2.class
com\redmancometh\redcore\util\LoreUtil.class
com\redmancometh\redcore\config\Pane.class
com\redmancometh\redcore\databasing\MasterDatabase.class
com\redmancometh\redcore\util\ItemUtil$1.class
com\redmancometh\redcore\util\LocationUtil.class
com\redmancometh\redcore\util\SkullUtil.class
com\redmancometh\redcore\sliceable\SliceableMap.class
com\redmancometh\redcore\config\ConfigManager$1.class
com\redmancometh\redcore\HibernateUtil.class
com\redmancometh\redcore\util\WeightedChooser.class
com\redmancometh\redcore\sliceable\BatchedSlicedList.class
com\redmancometh\redcore\util\CooldownUtil$1.class
com\redmancometh\redcore\tasks\SlowPollerTask.class
com\redmancometh\redcore\config\Icon.class
com\redmancometh\redcore\sliceable\BatchedSlicedCollection.class
com\redmancometh\redcore\sliceable\SliceableMaps.class
com\redmancometh\redcore\databasing\SubDatabase$1.class
com\redmancometh\redcore\util\Pair.class
com\redmancometh\redcore\sliceable\SlicedList.class
com\redmancometh\redcore\sliceable\SlicedMultiMap.class
com\redmancometh\redcore\sliceable\Sliceable.class
com\redmancometh\redcore\util\InventoryUtil.class
