E:\Users\Dylan\Development\Arkham\RedCore\src\com\redmancometh\redcore\mediators\ObjectManager.java
E:\Users\Dylan\Development\Arkham\RedCore\src\com\redmancometh\redcore\sliceable\SlicedCollection.java
E:\Users\Dylan\Development\Arkham\RedCore\src\com\redmancometh\redcore\util\TriConsumer.java
E:\Users\Dylan\Development\Arkham\RedCore\src\com\redmancometh\redcore\mediators\NulledObjectManager.java
E:\Users\Dylan\Development\Arkham\RedCore\src\com\redmancometh\redcore\sliceable\SlicedList.java
E:\Users\Dylan\Development\Arkham\RedCore\src\com\redmancometh\redcore\util\DefaultableString.java
E:\Users\Dylan\Development\Arkham\RedCore\src\com\redmancometh\redcore\util\SkullUtil.java
E:\Users\Dylan\Development\Arkham\RedCore\src\com\redmancometh\redcore\exceptions\ObjectNotPresentException.java
E:\Users\Dylan\Development\Arkham\RedCore\src\com\redmancometh\redcore\sliceable\SliceableMaps.java
E:\Users\Dylan\Development\Arkham\RedCore\src\com\redmancometh\redcore\util\MetaUtil.java
E:\Users\Dylan\Development\Arkham\RedCore\src\com\redmancometh\redcore\databasing\SubDatabase.java
E:\Users\Dylan\Development\Arkham\RedCore\src\com\redmancometh\redcore\sliceable\SlicedMap.java
E:\Users\Dylan\Development\Arkham\RedCore\src\com\redmancometh\redcore\config\ConfigManager.java
E:\Users\Dylan\Development\Arkham\RedCore\src\com\redmancometh\redcore\util\ItemUtil.java
E:\Users\Dylan\Development\Arkham\RedCore\src\com\redmancometh\redcore\sliceable\BatchedSlicedCollection.java
E:\Users\Dylan\Development\Arkham\RedCore\src\com\redmancometh\redcore\util\WeightedChooser.java
E:\Users\Dylan\Development\Arkham\RedCore\src\com\redmancometh\redcore\util\LocationUtil.java
E:\Users\Dylan\Development\Arkham\RedCore\src\com\redmancometh\redcore\Defaultable.java
E:\Users\Dylan\Development\Arkham\RedCore\src\com\redmancometh\redcore\config\Pane.java
E:\Users\Dylan\Development\Arkham\RedCore\src\com\redmancometh\redcore\tasks\SlowPollerTask.java
E:\Users\Dylan\Development\Arkham\RedCore\src\com\redmancometh\redcore\sliceable\BatchedSlicedList.java
E:\Users\Dylan\Development\Arkham\RedCore\src\com\redmancometh\redcore\util\Pair.java
E:\Users\Dylan\Development\Arkham\RedCore\src\com\redmancometh\redcore\config\Icon.java
E:\Users\Dylan\Development\Arkham\RedCore\src\com\redmancometh\redcore\RedPlugins.java
E:\Users\Dylan\Development\Arkham\RedCore\src\com\redmancometh\redcore\util\CooldownUtil.java
E:\Users\Dylan\Development\Arkham\RedCore\src\com\redmancometh\redcore\MenuPlugin.java
E:\Users\Dylan\Development\Arkham\RedCore\src\com\redmancometh\redcore\config\MenuTemplate.java
E:\Users\Dylan\Development\Arkham\RedCore\src\com\redmancometh\redcore\listener\LoginListeners.java
E:\Users\Dylan\Development\Arkham\RedCore\src\com\redmancometh\redcore\RedCore.java
E:\Users\Dylan\Development\Arkham\RedCore\src\com\redmancometh\redcore\sliceable\Sliceable.java
E:\Users\Dylan\Development\Arkham\RedCore\src\com\redmancometh\redcore\util\InventoryUtil.java
E:\Users\Dylan\Development\Arkham\RedCore\src\com\redmancometh\redcore\util\LoreUtil.java
E:\Users\Dylan\Development\Arkham\RedCore\src\com\redmancometh\redcore\HibernateUtil.java
E:\Users\Dylan\Development\Arkham\RedCore\src\com\redmancometh\redcore\util\ReflectUtil.java
E:\Users\Dylan\Development\Arkham\RedCore\src\com\redmancometh\redcore\RedPlugin.java
E:\Users\Dylan\Development\Arkham\RedCore\src\com\redmancometh\redcore\sliceable\SlicedMultiMap.java
E:\Users\Dylan\Development\Arkham\RedCore\src\com\redmancometh\redcore\databasing\MasterDatabase.java
E:\Users\Dylan\Development\Arkham\RedCore\src\com\redmancometh\redcore\sliceable\SliceableMap.java
E:\Users\Dylan\Development\Arkham\RedCore\src\com\redmancometh\redcore\TestableDefaultable.java
