C:\Users\Dylan\Development\Arkham\RedCore\src\com\redmancometh\redcore\sliceable\SlicedCollection.java
C:\Users\Dylan\Development\Arkham\RedCore\src\com\redmancometh\redcore\sliceable\SlicedMultiMap.java
C:\Users\Dylan\Development\Arkham\RedCore\src\com\redmancometh\redcore\config\Pane.java
C:\Users\Dylan\Development\Arkham\RedCore\src\com\redmancometh\redcore\sliceable\SlicedMap.java
C:\Users\Dylan\Development\Arkham\RedCore\src\com\redmancometh\redcore\HibernateUtil.java
C:\Users\Dylan\Development\Arkham\RedCore\src\com\redmancometh\redcore\TestableDefaultable.java
C:\Users\Dylan\Development\Arkham\RedCore\src\com\redmancometh\redcore\Defaultable.java
C:\Users\Dylan\Development\Arkham\RedCore\src\com\redmancometh\redcore\testing\PlayerStats.java
C:\Users\Dylan\Development\Arkham\RedCore\src\com\redmancometh\redcore\sliceable\SlicedList.java
C:\Users\Dylan\Development\Arkham\RedCore\src\com\redmancometh\redcore\util\LoreUtil.java
C:\Users\Dylan\Development\Arkham\RedCore\src\com\redmancometh\redcore\sliceable\BatchedSlicedList.java
C:\Users\Dylan\Development\Arkham\RedCore\src\com\redmancometh\redcore\util\ReflectUtil.java
C:\Users\Dylan\Development\Arkham\RedCore\src\com\redmancometh\redcore\util\CooldownUtil.java
C:\Users\Dylan\Development\Arkham\RedCore\src\com\redmancometh\redcore\tasks\SlowPollerTask.java
C:\Users\Dylan\Development\Arkham\RedCore\src\com\redmancometh\redcore\mediators\NulledObjectManager.java
C:\Users\Dylan\Development\Arkham\RedCore\src\com\redmancometh\redcore\RedPlugins.java
C:\Users\Dylan\Development\Arkham\RedCore\src\com\redmancometh\redcore\config\ConfigManager.java
C:\Users\Dylan\Development\Arkham\RedCore\src\com\redmancometh\redcore\util\TriFunction.java
C:\Users\Dylan\Development\Arkham\RedCore\src\com\redmancometh\redcore\databasing\SubDatabase.java
C:\Users\Dylan\Development\Arkham\RedCore\src\com\redmancometh\redcore\sliceable\SliceableMap.java
C:\Users\Dylan\Development\Arkham\RedCore\src\com\redmancometh\redcore\MenuPlugin.java
C:\Users\Dylan\Development\Arkham\RedCore\src\com\redmancometh\redcore\sliceable\Sliceable.java
C:\Users\Dylan\Development\Arkham\RedCore\src\com\redmancometh\redcore\testing\MockPlayer.java
C:\Users\Dylan\Development\Arkham\RedCore\src\com\redmancometh\redcore\util\WeightedChooser.java
C:\Users\Dylan\Development\Arkham\RedCore\src\com\redmancometh\redcore\testing\MockPlayerInventory.java
C:\Users\Dylan\Development\Arkham\RedCore\src\com\redmancometh\redcore\RedPlugin.java
C:\Users\Dylan\Development\Arkham\RedCore\src\com\redmancometh\redcore\testing\MVTestLogFormatter.java
C:\Users\Dylan\Development\Arkham\RedCore\src\com\redmancometh\redcore\util\LocationUtil.java
C:\Users\Dylan\Development\Arkham\RedCore\src\com\redmancometh\redcore\sliceable\BatchedSlicedCollection.java
C:\Users\Dylan\Development\Arkham\RedCore\src\com\redmancometh\redcore\databasing\MasterDatabase.java
C:\Users\Dylan\Development\Arkham\RedCore\src\com\redmancometh\redcore\RedCore.java
C:\Users\Dylan\Development\Arkham\RedCore\src\com\redmancometh\redcore\util\ItemUtil.java
C:\Users\Dylan\Development\Arkham\RedCore\src\com\redmancometh\redcore\util\Pair.java
C:\Users\Dylan\Development\Arkham\RedCore\src\com\redmancometh\redcore\util\DefaultableString.java
C:\Users\Dylan\Development\Arkham\RedCore\src\com\redmancometh\redcore\util\TriConsumer.java
C:\Users\Dylan\Development\Arkham\RedCore\src\com\redmancometh\redcore\util\SkullUtil.java
C:\Users\Dylan\Development\Arkham\RedCore\src\com\redmancometh\redcore\commands\ServerCommand.java
C:\Users\Dylan\Development\Arkham\RedCore\src\com\redmancometh\redcore\mediators\ObjectManager.java
C:\Users\Dylan\Development\Arkham\RedCore\src\com\redmancometh\redcore\util\MetaUtil.java
C:\Users\Dylan\Development\Arkham\RedCore\src\com\redmancometh\redcore\sliceable\SliceableMaps.java
C:\Users\Dylan\Development\Arkham\RedCore\src\com\redmancometh\redcore\util\InventoryUtil.java
C:\Users\Dylan\Development\Arkham\RedCore\src\com\redmancometh\redcore\commands\DebugConfig.java
C:\Users\Dylan\Development\Arkham\RedCore\src\com\redmancometh\redcore\config\MenuTemplate.java
C:\Users\Dylan\Development\Arkham\RedCore\src\com\redmancometh\redcore\listener\LoginListeners.java
C:\Users\Dylan\Development\Arkham\RedCore\src\com\redmancometh\redcore\exceptions\ObjectNotPresentException.java
C:\Users\Dylan\Development\Arkham\RedCore\src\com\redmancometh\redcore\config\Icon.java
