D:\DEV\Java\Projects\RedCore\src\com\redmancometh\redcore\Defaultable.java
D:\DEV\Java\Projects\RedCore\src\com\redmancometh\redcore\protocol\manager\ProtocolImpl.java
D:\DEV\Java\Projects\RedCore\src\com\redmancometh\redcore\RedPlugins.java
D:\DEV\Java\Projects\RedCore\src\com\redmancometh\redcore\sliceable\SlicedList.java
D:\DEV\Java\Projects\RedCore\src\com\redmancometh\redcore\spigotutils\UnlimitedYArea.java
D:\DEV\Java\Projects\RedCore\src\com\redmancometh\redcore\json\JsonSettings.java
D:\DEV\Java\Projects\RedCore\src\com\redmancometh\redcore\nbt\NBTPrimitive.java
D:\DEV\Java\Projects\RedCore\src\com\redmancometh\redcore\sliceable\Sliceable.java
D:\DEV\Java\Projects\RedCore\src\com\redmancometh\redcore\protocol\wrappers\outpackets\PacketPlayOutPosition.java
D:\DEV\Java\Projects\RedCore\src\com\redmancometh\redcore\util\ReflectUtil.java
D:\DEV\Java\Projects\RedCore\src\com\redmancometh\redcore\chat\ChatColor.java
D:\DEV\Java\Projects\RedCore\src\com\redmancometh\redcore\config\ConfigManager.java
D:\DEV\Java\Projects\RedCore\src\com\redmancometh\redcore\util\QuintConsumer.java
D:\DEV\Java\Projects\RedCore\src\com\redmancometh\redcore\scoreboard\ScoreboardDisplayMode.java
D:\DEV\Java\Projects\RedCore\src\com\redmancometh\redcore\configfile\ConfigData.java
D:\DEV\Java\Projects\RedCore\src\com\redmancometh\redcore\commands\event\CommandEvent.java
D:\DEV\Java\Projects\RedCore\src\com\redmancometh\redcore\databasing\MasterDatabase.java
D:\DEV\Java\Projects\RedCore\src\com\redmancometh\redcore\protocol\wrappers\inpackets\PacketPlayInFlying.java
D:\DEV\Java\Projects\RedCore\src\com\redmancometh\redcore\protocol\wrappers\outpackets\PacketPlayOutExperience.java
D:\DEV\Java\Projects\RedCore\src\com\redmancometh\redcore\commands\Command.java
D:\DEV\Java\Projects\RedCore\src\com\redmancometh\redcore\animation\AnimationUpdateListener.java
D:\DEV\Java\Projects\RedCore\src\com\redmancometh\redcore\configfile\DefaultSerializers.java
D:\DEV\Java\Projects\RedCore\src\com\redmancometh\redcore\protocol\wrappers\outpackets\PacketPlayOutEntityEquipment.java
D:\DEV\Java\Projects\RedCore\src\com\redmancometh\redcore\configfile\PostLoadable.java
D:\DEV\Java\Projects\RedCore\src\com\redmancometh\redcore\animation\effects\ScrollerEffect.java
D:\DEV\Java\Projects\RedCore\src\com\redmancometh\redcore\protocol\wrappers\outpackets\PacketPlayOutRemoveEntityEffect.java
D:\DEV\Java\Projects\RedCore\src\com\redmancometh\redcore\commands\DebugConfig.java
D:\DEV\Java\Projects\RedCore\src\com\redmancometh\redcore\protocol\wrappers\inpackets\PacketPlayInTransaction.java
D:\DEV\Java\Projects\RedCore\src\com\redmancometh\redcore\protocol\event\PacketInEvent.java
D:\DEV\Java\Projects\RedCore\src\com\redmancometh\redcore\protocol\wrappers\outpackets\PacketPlayOutSpawnEntityPainting.java
D:\DEV\Java\Projects\RedCore\src\com\redmancometh\redcore\protocol\Protocol.java
D:\DEV\Java\Projects\RedCore\src\com\redmancometh\redcore\protocol\utils\ItemStackWrapper.java
D:\DEV\Java\Projects\RedCore\src\com\redmancometh\redcore\commands\event\PostTabCompleteEvent.java
D:\DEV\Java\Projects\RedCore\src\com\redmancometh\redcore\exceptions\ObjectNotPresentException.java
D:\DEV\Java\Projects\RedCore\src\com\redmancometh\redcore\protocol\wrappers\inpackets\PacketLoginInStart.java
D:\DEV\Java\Projects\RedCore\src\com\redmancometh\redcore\protocol\wrappers\inpackets\PacketPlayInSteerVehicle.java
D:\DEV\Java\Projects\RedCore\src\com\redmancometh\redcore\protocol\wrappers\outpackets\PacketPlayOutAttachEntity.java
D:\DEV\Java\Projects\RedCore\src\com\redmancometh\redcore\sliceable\SlicedMap.java
D:\DEV\Java\Projects\RedCore\src\com\redmancometh\redcore\spigotutils\RomanNumsAPI.java
D:\DEV\Java\Projects\RedCore\src\com\redmancometh\redcore\tasks\SlowPollerTask.java
D:\DEV\Java\Projects\RedCore\src\com\redmancometh\redcore\scoreboard\NametagBar.java
D:\DEV\Java\Projects\RedCore\src\com\redmancometh\redcore\protocol\wrappers\outpackets\PacketPlayOutEntityHeadRotation.java
D:\DEV\Java\Projects\RedCore\src\com\redmancometh\redcore\protocol\wrappers\outpackets\PacketPlayOutNamedSoundEffect.java
D:\DEV\Java\Projects\RedCore\src\com\redmancometh\redcore\util\CooldownUtil.java
D:\DEV\Java\Projects\RedCore\src\com\redmancometh\redcore\chat\ChatClickEventType.java
D:\DEV\Java\Projects\RedCore\src\com\redmancometh\redcore\protocol\wrappers\inpackets\PacketPlayInKeepAlive.java
D:\DEV\Java\Projects\RedCore\src\com\redmancometh\redcore\protocol\wrappers\outpackets\PacketPlayOutUpdateEntityNBT.java
D:\DEV\Java\Projects\RedCore\src\com\redmancometh\redcore\mediators\NulledObjectManager.java
D:\DEV\Java\Projects\RedCore\src\com\redmancometh\redcore\protocol\wrappers\outpackets\PacketPlayOutEntityDestroy.java
D:\DEV\Java\Projects\RedCore\src\com\redmancometh\redcore\protocol\wrappers\inpackets\PacketHandshakingInSetProtocol.java
D:\DEV\Java\Projects\RedCore\src\com\redmancometh\redcore\util\QuadConsumer.java
D:\DEV\Java\Projects\RedCore\src\com\redmancometh\redcore\economy\EconomyVaultHook.java
D:\DEV\Java\Projects\RedCore\src\com\redmancometh\redcore\chat\ChatHoverEvent.java
D:\DEV\Java\Projects\RedCore\src\com\redmancometh\redcore\RedPlugin.java
D:\DEV\Java\Projects\RedCore\src\com\redmancometh\redcore\mojang\ClientProfile.java
D:\DEV\Java\Projects\RedCore\src\com\redmancometh\redcore\inventory\trade\TradeAPI.java
D:\DEV\Java\Projects\RedCore\src\com\redmancometh\redcore\protocol\wrappers\outpackets\PacketPlayOutRespawn.java
D:\DEV\Java\Projects\RedCore\src\com\redmancometh\redcore\protocol\wrappers\outpackets\PacketPlayOutTileEntityData.java
D:\DEV\Java\Projects\RedCore\src\com\redmancometh\redcore\chat\ChatClickEvent.java
D:\DEV\Java\Projects\RedCore\src\com\redmancometh\redcore\databasing\SubDatabase.java
D:\DEV\Java\Projects\RedCore\src\com\redmancometh\redcore\spigotlib\Items.java
D:\DEV\Java\Projects\RedCore\src\com\redmancometh\redcore\protocol\utils\DataWatcher.java
D:\DEV\Java\Projects\RedCore\src\com\redmancometh\redcore\sliceable\SlicedCollection.java
D:\DEV\Java\Projects\RedCore\src\com\redmancometh\redcore\protocol\wrappers\outpackets\PacketPlayOutChat.java
D:\DEV\Java\Projects\RedCore\src\com\redmancometh\redcore\util\LinkedQueue.java
D:\DEV\Java\Projects\RedCore\src\com\redmancometh\redcore\scoreboard\Sidebar.java
D:\DEV\Java\Projects\RedCore\src\com\redmancometh\redcore\protocol\event\PacketOutEvent.java
D:\DEV\Java\Projects\RedCore\src\com\redmancometh\redcore\animation\effects\RainbowEffect.java
D:\DEV\Java\Projects\RedCore\src\com\redmancometh\redcore\protocol\utils\WorldType.java
D:\DEV\Java\Projects\RedCore\src\com\redmancometh\redcore\protocol\wrappers\outpackets\PacketPlayOutLogin.java
D:\DEV\Java\Projects\RedCore\src\com\redmancometh\redcore\json\StringReader.java
D:\DEV\Java\Projects\RedCore\src\com\redmancometh\redcore\protocol\wrappers\inpackets\PacketPlayInCloseWindow.java
D:\DEV\Java\Projects\RedCore\src\com\redmancometh\redcore\protocol\wrappers\outpackets\PacketPlayOutWindowItems.java
D:\DEV\Java\Projects\RedCore\src\com\redmancometh\redcore\spigotutils\LocationData.java
D:\DEV\Java\Projects\RedCore\src\com\redmancometh\redcore\protocol\wrappers\outpackets\PacketPlayOutMapChunkBulk.java
D:\DEV\Java\Projects\RedCore\src\com\redmancometh\redcore\protocol\wrappers\outpackets\PacketPlayOutTitle.java
D:\DEV\Java\Projects\RedCore\src\com\redmancometh\redcore\nbt\NBTCompound.java
D:\DEV\Java\Projects\RedCore\src\com\redmancometh\redcore\spigotutils\ServerVersion.java
D:\DEV\Java\Projects\RedCore\src\com\redmancometh\redcore\protocol\wrappers\inpackets\PacketPlayInBlockPlace.java
D:\DEV\Java\Projects\RedCore\src\com\redmancometh\redcore\util\SkullUtil.java
D:\DEV\Java\Projects\RedCore\src\com\redmancometh\redcore\protocol\wrappers\outpackets\PacketPlayOutTabComplete.java
D:\DEV\Java\Projects\RedCore\src\com\redmancometh\redcore\util\Rational.java
D:\DEV\Java\Projects\RedCore\src\com\redmancometh\redcore\inventory\StaticItem.java
D:\DEV\Java\Projects\RedCore\src\com\redmancometh\redcore\spigotutils\TPSMeter.java
D:\DEV\Java\Projects\RedCore\src\com\redmancometh\redcore\commands\CustomCommandHandler.java
D:\DEV\Java\Projects\RedCore\src\com\redmancometh\redcore\util\SextConsumer.java
D:\DEV\Java\Projects\RedCore\src\com\redmancometh\redcore\api\VariableAPI.java
D:\DEV\Java\Projects\RedCore\src\com\redmancometh\redcore\spigotlib\PHAHook.java
D:\DEV\Java\Projects\RedCore\src\com\redmancometh\redcore\protocol\wrappers\outpackets\PacketPlayOutBlockAction.java
D:\DEV\Java\Projects\RedCore\src\com\redmancometh\redcore\sliceable\BatchedSlicedList.java
D:\DEV\Java\Projects\RedCore\src\com\redmancometh\redcore\protocol\wrappers\outpackets\PacketStatusOutPong.java
D:\DEV\Java\Projects\RedCore\src\com\redmancometh\redcore\chat\ChatScoreData.java
D:\DEV\Java\Projects\RedCore\src\com\redmancometh\redcore\commands\event\PreTabCompleteEvent.java
D:\DEV\Java\Projects\RedCore\src\com\redmancometh\redcore\protocol\wrappers\outpackets\PacketPlayOutPlayerInfo.java
D:\DEV\Java\Projects\RedCore\src\com\redmancometh\redcore\mojang\ClientSession.java
D:\DEV\Java\Projects\RedCore\src\com\redmancometh\redcore\protocol\wrappers\WrappedPacket.java
D:\DEV\Java\Projects\RedCore\src\com\redmancometh\redcore\spigotutils\BackendType.java
D:\DEV\Java\Projects\RedCore\src\com\redmancometh\redcore\nbt\NBTApi.java
D:\DEV\Java\Projects\RedCore\src\com\redmancometh\redcore\configfile\ConfigFile.java
D:\DEV\Java\Projects\RedCore\src\com\redmancometh\redcore\configfile\ConfigSerialization.java
D:\DEV\Java\Projects\RedCore\src\com\redmancometh\redcore\protocol\wrappers\inpackets\PacketPlayInSettings.java
D:\DEV\Java\Projects\RedCore\src\com\redmancometh\redcore\protocol\wrappers\outpackets\PacketPlayOutWorldParticles.java
D:\DEV\Java\Projects\RedCore\src\com\redmancometh\redcore\protocol\wrappers\outpackets\PacketPlayOutOpenSignEditor.java
D:\DEV\Java\Projects\RedCore\src\com\redmancometh\redcore\sign\PluginSignChangeEvent.java
D:\DEV\Java\Projects\RedCore\src\com\redmancometh\redcore\MenuPlugin.java
D:\DEV\Java\Projects\RedCore\src\com\redmancometh\redcore\configfile\ValueClassSelector.java
D:\DEV\Java\Projects\RedCore\src\com\redmancometh\redcore\util\LoreUtil.java
D:\DEV\Java\Projects\RedCore\src\com\redmancometh\redcore\util\DefaultableString.java
D:\DEV\Java\Projects\RedCore\src\com\redmancometh\redcore\commands\event\CommandUnknownEvent.java
D:\DEV\Java\Projects\RedCore\src\com\redmancometh\redcore\protocol\utils\InventoryClickType.java
D:\DEV\Java\Projects\RedCore\src\com\redmancometh\redcore\commands\ServerCommand.java
D:\DEV\Java\Projects\RedCore\src\com\redmancometh\redcore\chat\ChatHoverEventType.java
D:\DEV\Java\Projects\RedCore\src\com\redmancometh\redcore\protocol\Reflection.java
D:\DEV\Java\Projects\RedCore\src\com\redmancometh\redcore\protocol\wrappers\outpackets\PacketPlayOutUpdateSign.java
D:\DEV\Java\Projects\RedCore\src\com\redmancometh\redcore\protocol\wrappers\outpackets\PacketPlayOutUpdateTime.java
D:\DEV\Java\Projects\RedCore\src\com\redmancometh\redcore\protocol\wrappers\outpackets\PacketPlayOutSpawnPosition.java
D:\DEV\Java\Projects\RedCore\src\com\redmancometh\redcore\spigotutils\NullUtils.java
D:\DEV\Java\Projects\RedCore\src\com\redmancometh\redcore\animation\effects\BlinkEffect.java
D:\DEV\Java\Projects\RedCore\src\com\redmancometh\redcore\scoreboard\team\NameTagVisibility.java
D:\DEV\Java\Projects\RedCore\src\com\redmancometh\redcore\protocol\wrappers\outpackets\PacketPlayOutScoreboardDisplayObjective.java
D:\DEV\Java\Projects\RedCore\src\com\redmancometh\redcore\spigotutils\CuboidArea.java
D:\DEV\Java\Projects\RedCore\src\com\redmancometh\redcore\spigotlib\ChatAPI.java
D:\DEV\Java\Projects\RedCore\src\com\redmancometh\redcore\chat\ChatTag.java
D:\DEV\Java\Projects\RedCore\src\com\redmancometh\redcore\protocol\wrappers\outpackets\PacketPlayOutCollect.java
D:\DEV\Java\Projects\RedCore\src\com\redmancometh\redcore\inventory\CustomGUI.java
D:\DEV\Java\Projects\RedCore\src\com\redmancometh\redcore\animation\CustomEffect.java
D:\DEV\Java\Projects\RedCore\src\com\redmancometh\redcore\protocol\wrappers\outpackets\PacketPlayOutMapChunk.java
D:\DEV\Java\Projects\RedCore\src\com\redmancometh\redcore\protocol\utils\BlockLocation.java
D:\DEV\Java\Projects\RedCore\src\com\redmancometh\redcore\sliceable\SliceableMaps.java
D:\DEV\Java\Projects\RedCore\src\com\redmancometh\redcore\protocol\event\PacketEvent.java
D:\DEV\Java\Projects\RedCore\src\com\redmancometh\redcore\commands\event\CommandExecuteEvent.java
D:\DEV\Java\Projects\RedCore\src\com\redmancometh\redcore\animation\AnimationAPI.java
D:\DEV\Java\Projects\RedCore\src\com\redmancometh\redcore\util\SextFunction.java
D:\DEV\Java\Projects\RedCore\src\com\redmancometh\redcore\api\BungeeAPI.java
D:\DEV\Java\Projects\RedCore\src\com\redmancometh\redcore\config\Icon.java
D:\DEV\Java\Projects\RedCore\src\com\redmancometh\redcore\protocol\wrappers\outpackets\PacketPlayOutBlockChange.java
D:\DEV\Java\Projects\RedCore\src\com\redmancometh\redcore\inventory\trade\IMerchantHook.java
D:\DEV\Java\Projects\RedCore\src\com\redmancometh\redcore\listener\LoginListeners.java
D:\DEV\Java\Projects\RedCore\src\com\redmancometh\redcore\scoreboard\ScoreboardBar.java
D:\DEV\Java\Projects\RedCore\src\com\redmancometh\redcore\config\Pane.java
D:\DEV\Java\Projects\RedCore\src\com\redmancometh\redcore\protocol\wrappers\inpackets\PacketPlayInBlockDig.java
D:\DEV\Java\Projects\RedCore\src\com\redmancometh\redcore\protocol\wrappers\outpackets\PacketPlayOutWorldEvent.java
D:\DEV\Java\Projects\RedCore\src\com\redmancometh\redcore\protocol\utils\WrapperFactory.java
D:\DEV\Java\Projects\RedCore\src\com\redmancometh\redcore\api\TitleAPI.java
D:\DEV\Java\Projects\RedCore\src\com\redmancometh\redcore\mysql\MySQLDatabase.java
D:\DEV\Java\Projects\RedCore\src\com\redmancometh\redcore\protocol\wrappers\outpackets\PacketPlayOutEntityStatus.java
D:\DEV\Java\Projects\RedCore\src\com\redmancometh\redcore\spigotlib\Main.java
D:\DEV\Java\Projects\RedCore\src\com\redmancometh\redcore\economy\BalanceUpdateEvent.java
D:\DEV\Java\Projects\RedCore\src\com\redmancometh\redcore\TestableDefaultable.java
D:\DEV\Java\Projects\RedCore\src\com\redmancometh\redcore\scoreboard\PlayerBars.java
D:\DEV\Java\Projects\RedCore\src\com\redmancometh\redcore\scoreboard\ScoreboardAPI.java
D:\DEV\Java\Projects\RedCore\src\com\redmancometh\redcore\mojang\WebApi.java
D:\DEV\Java\Projects\RedCore\src\com\redmancometh\redcore\mojang\MojangAPI.java
D:\DEV\Java\Projects\RedCore\src\com\redmancometh\redcore\protocol\wrappers\inpackets\PacketPlayInEnchantItem.java
D:\DEV\Java\Projects\RedCore\src\com\redmancometh\redcore\map\MapData.java
D:\DEV\Java\Projects\RedCore\src\com\redmancometh\redcore\mojang\MultipartUtility.java
D:\DEV\Java\Projects\RedCore\src\com\redmancometh\redcore\protocol\event\PacketOutType.java
D:\DEV\Java\Projects\RedCore\src\com\redmancometh\redcore\protocol\wrappers\outpackets\PacketPlayOutWindowData.java
D:\DEV\Java\Projects\RedCore\src\com\redmancometh\redcore\protocol\wrappers\inpackets\PacketPlayInSetCreativeSlot.java
D:\DEV\Java\Projects\RedCore\src\com\redmancometh\redcore\protocol\wrappers\outpackets\PacketPlayOutCustomPayload.java
D:\DEV\Java\Projects\RedCore\src\com\redmancometh\redcore\config\ItemWrapper.java
D:\DEV\Java\Projects\RedCore\src\com\redmancometh\redcore\inventory\PagedConfig.java
D:\DEV\Java\Projects\RedCore\src\com\redmancometh\redcore\protocol\wrappers\outpackets\PacketPlayOutScoreboardObjective.java
D:\DEV\Java\Projects\RedCore\src\com\redmancometh\redcore\protocol\wrappers\inpackets\PacketPlayInEntityAction.java
D:\DEV\Java\Projects\RedCore\src\com\redmancometh\redcore\protocol\wrappers\outpackets\PacketPlayOutSpawnEntity.java
D:\DEV\Java\Projects\RedCore\src\com\redmancometh\redcore\sign\SignConfig.java
D:\DEV\Java\Projects\RedCore\src\com\redmancometh\redcore\protocol\wrappers\outpackets\PacketStatusOutServerInfo.java
D:\DEV\Java\Projects\RedCore\src\com\redmancometh\redcore\commands\CustomCommandMap.java
D:\DEV\Java\Projects\RedCore\src\com\redmancometh\redcore\protocol\wrappers\outpackets\PacketPlayOutOpenWindow.java
D:\DEV\Java\Projects\RedCore\src\com\redmancometh\redcore\protocol\wrappers\outpackets\PacketPlayOutUpdateHealth.java
D:\DEV\Java\Projects\RedCore\src\com\redmancometh\redcore\protocol\wrappers\outpackets\PacketPlayOutBed.java
D:\DEV\Java\Projects\RedCore\src\com\redmancometh\redcore\scoreboard\SidebarLine.java
D:\DEV\Java\Projects\RedCore\src\com\redmancometh\redcore\util\LocationUtil.java
D:\DEV\Java\Projects\RedCore\src\com\redmancometh\redcore\util\QuadFunction.java
D:\DEV\Java\Projects\RedCore\src\com\redmancometh\redcore\sliceable\BatchedSlicedCollection.java
D:\DEV\Java\Projects\RedCore\src\com\redmancometh\redcore\protocol\wrappers\outpackets\PacketPlayOutScoreboardScore.java
D:\DEV\Java\Projects\RedCore\src\com\redmancometh\redcore\util\SpecialFuture.java
D:\DEV\Java\Projects\RedCore\src\com\redmancometh\redcore\animation\AnimationRunnable.java
D:\DEV\Java\Projects\RedCore\src\com\redmancometh\redcore\nbt\NBTTag.java
D:\DEV\Java\Projects\RedCore\src\com\redmancometh\redcore\scoreboard\Tabbar.java
D:\DEV\Java\Projects\RedCore\src\com\redmancometh\redcore\util\WeightedChooser.java
D:\DEV\Java\Projects\RedCore\src\com\redmancometh\redcore\protocol\utils\HandType.java
D:\DEV\Java\Projects\RedCore\src\com\redmancometh\redcore\protocol\wrappers\outpackets\PacketPlayOutKeepAlive.java
D:\DEV\Java\Projects\RedCore\src\com\redmancometh\redcore\scoreboard\team\CollisionRule.java
D:\DEV\Java\Projects\RedCore\src\com\redmancometh\redcore\protocol\manager\ProtocolLegacyImpl.java
D:\DEV\Java\Projects\RedCore\src\com\redmancometh\redcore\protocol\wrappers\inpackets\PacketPlayInUpdateSign.java
D:\DEV\Java\Projects\RedCore\src\com\redmancometh\redcore\spigotutils\BlockUtils.java
D:\DEV\Java\Projects\RedCore\src\com\redmancometh\redcore\protocol\utils\GameProfile.java
D:\DEV\Java\Projects\RedCore\src\com\redmancometh\redcore\protocol\wrappers\outpackets\PacketPlayOutUpdateAttributes.java
D:\DEV\Java\Projects\RedCore\src\com\redmancometh\redcore\animation\effects\FramesEffect.java
D:\DEV\Java\Projects\RedCore\src\com\redmancometh\redcore\protocol\wrappers\outpackets\PacketPlayOutBlockBreakAnimation.java
D:\DEV\Java\Projects\RedCore\src\com\redmancometh\redcore\inventory\BooleanItem.java
D:\DEV\Java\Projects\RedCore\src\com\redmancometh\redcore\json\JsonAPI.java
D:\DEV\Java\Projects\RedCore\src\com\redmancometh\redcore\RedCore.java
D:\DEV\Java\Projects\RedCore\src\com\redmancometh\redcore\protocol\wrappers\outpackets\PacketPlayOutExplosion.java
D:\DEV\Java\Projects\RedCore\src\com\redmancometh\redcore\protocol\wrappers\inpackets\PacketPlayInCustomPayload.java
D:\DEV\Java\Projects\RedCore\src\com\redmancometh\redcore\inventory\GUIConfig.java
D:\DEV\Java\Projects\RedCore\src\com\redmancometh\redcore\spigotlib\Config.java
D:\DEV\Java\Projects\RedCore\src\com\redmancometh\redcore\protocol\wrappers\outpackets\PacketPlayOutEntityEffect.java
D:\DEV\Java\Projects\RedCore\src\com\redmancometh\redcore\animation\Frame.java
D:\DEV\Java\Projects\RedCore\src\com\redmancometh\redcore\protocol\wrappers\outpackets\PacketPlayOutRelEntityMove.java
D:\DEV\Java\Projects\RedCore\src\com\redmancometh\redcore\spigotutils\ItemUtils.java
D:\DEV\Java\Projects\RedCore\src\com\redmancometh\redcore\mediators\SortableObjectManager.java
D:\DEV\Java\Projects\RedCore\src\com\redmancometh\redcore\spigotutils\XZ.java
D:\DEV\Java\Projects\RedCore\src\com\redmancometh\redcore\commands\DelayedCommandExecutor.java
D:\DEV\Java\Projects\RedCore\src\com\redmancometh\redcore\spigotlib\SU.java
D:\DEV\Java\Projects\RedCore\src\com\redmancometh\redcore\sign\SignGUI.java
D:\DEV\Java\Projects\RedCore\src\com\redmancometh\redcore\protocol\wrappers\inpackets\PacketPlayInHeldItemSlot.java
D:\DEV\Java\Projects\RedCore\src\com\redmancometh\redcore\util\TriFunction.java
D:\DEV\Java\Projects\RedCore\src\com\redmancometh\redcore\spigotutils\TimeUtils.java
D:\DEV\Java\Projects\RedCore\src\com\redmancometh\redcore\protocol\wrappers\inpackets\PacketPlayInUseEntity.java
D:\DEV\Java\Projects\RedCore\src\com\redmancometh\redcore\spigotlib\ConfigHook.java
D:\DEV\Java\Projects\RedCore\src\com\redmancometh\redcore\protocol\utils\WrappedData.java
D:\DEV\Java\Projects\RedCore\src\com\redmancometh\redcore\protocol\wrappers\outpackets\PacketPlayOutSetSlot.java
D:\DEV\Java\Projects\RedCore\src\com\redmancometh\redcore\protocol\wrappers\inpackets\PacketPlayInTabComplete.java
D:\DEV\Java\Projects\RedCore\src\com\redmancometh\redcore\sliceable\SlicedMultiMap.java
D:\DEV\Java\Projects\RedCore\src\com\redmancometh\redcore\map\MapIcon.java
D:\DEV\Java\Projects\RedCore\src\com\redmancometh\redcore\protocol\wrappers\inpackets\PacketPlayInChat.java
D:\DEV\Java\Projects\RedCore\src\com\redmancometh\redcore\mediators\ObjectManager.java
D:\DEV\Java\Projects\RedCore\src\com\redmancometh\redcore\commands\event\CommandErrorEvent.java
D:\DEV\Java\Projects\RedCore\src\com\redmancometh\redcore\animation\effects\FlameEffect.java
D:\DEV\Java\Projects\RedCore\src\com\redmancometh\redcore\protocol\wrappers\outpackets\PacketPlayOutEntityMetadata.java
D:\DEV\Java\Projects\RedCore\src\com\redmancometh\redcore\util\TriConsumer.java
D:\DEV\Java\Projects\RedCore\src\com\redmancometh\redcore\configfile\ConfigReader.java
D:\DEV\Java\Projects\RedCore\src\com\redmancometh\redcore\protocol\wrappers\inpackets\PacketPlayInResourcePackStatus.java
D:\DEV\Java\Projects\RedCore\src\com\redmancometh\redcore\protocol\event\PacketInType.java
D:\DEV\Java\Projects\RedCore\src\com\redmancometh\redcore\scoreboard\BarData.java
D:\DEV\Java\Projects\RedCore\src\com\redmancometh\redcore\spigotutils\EntityUtils.java
D:\DEV\Java\Projects\RedCore\src\com\redmancometh\redcore\protocol\utils\Direction.java
D:\DEV\Java\Projects\RedCore\src\com\redmancometh\redcore\protocol\wrappers\inpackets\PacketPlayInWindowClick.java
D:\DEV\Java\Projects\RedCore\src\com\redmancometh\redcore\protocol\wrappers\outpackets\PacketPlayOutHeldItemSlot.java
D:\DEV\Java\Projects\RedCore\src\com\redmancometh\redcore\spigotutils\PlayerData.java
D:\DEV\Java\Projects\RedCore\src\com\redmancometh\redcore\HibernateUtil.java
D:\DEV\Java\Projects\RedCore\src\com\redmancometh\redcore\spigotutils\BlockData.java
D:\DEV\Java\Projects\RedCore\src\com\redmancometh\redcore\protocol\wrappers\outpackets\PacketPlayOutNamedEntitySpawn.java
D:\DEV\Java\Projects\RedCore\src\com\redmancometh\redcore\protocol\wrappers\outpackets\PacketPlayOutScoreboardTeam.java
D:\DEV\Java\Projects\RedCore\src\com\redmancometh\redcore\protocol\utils\Rotation.java
D:\DEV\Java\Projects\RedCore\src\com\redmancometh\redcore\protocol\wrappers\inpackets\PacketPlayInClientCommand.java
D:\DEV\Java\Projects\RedCore\src\com\redmancometh\redcore\spigotlib\GlobalLangFile.java
D:\DEV\Java\Projects\RedCore\src\com\redmancometh\redcore\protocol\wrappers\inpackets\PacketPlayInArmAnimation.java
D:\DEV\Java\Projects\RedCore\src\com\redmancometh\redcore\util\InventoryUtil.java
D:\DEV\Java\Projects\RedCore\src\com\redmancometh\redcore\protocol\wrappers\outpackets\PacketPlayOutMap.java
D:\DEV\Java\Projects\RedCore\src\com\redmancometh\redcore\spigotutils\Orderable.java
D:\DEV\Java\Projects\RedCore\src\com\redmancometh\redcore\protocol\wrappers\inpackets\PacketPlayInAbilities.java
D:\DEV\Java\Projects\RedCore\src\com\redmancometh\redcore\protocol\wrappers\outpackets\PacketPlayOutEntityLook.java
D:\DEV\Java\Projects\RedCore\src\com\redmancometh\redcore\economy\BankBalanceUpdateEvent.java
D:\DEV\Java\Projects\RedCore\src\com\redmancometh\redcore\protocol\utils\Vector.java
D:\DEV\Java\Projects\RedCore\src\com\redmancometh\redcore\animation\Animation.java
D:\DEV\Java\Projects\RedCore\src\com\redmancometh\redcore\protocol\wrappers\outpackets\PacketPlayOutSpawnEntityWeather.java
D:\DEV\Java\Projects\RedCore\src\com\redmancometh\redcore\protocol\wrappers\outpackets\PacketPlayOutRelEntityMoveLook.java
D:\DEV\Java\Projects\RedCore\src\com\redmancometh\redcore\protocol\wrappers\outpackets\PacketPlayOutSpawnEntityExperienceOrb.java
D:\DEV\Java\Projects\RedCore\src\com\redmancometh\redcore\sign\SignDataReader.java
D:\DEV\Java\Projects\RedCore\src\com\redmancometh\redcore\economy\EconomyAPI.java
D:\DEV\Java\Projects\RedCore\src\com\redmancometh\redcore\scoreboard\team\TeamData.java
D:\DEV\Java\Projects\RedCore\src\com\redmancometh\redcore\spigotutils\DualMap.java
D:\DEV\Java\Projects\RedCore\src\com\redmancometh\redcore\mediators\BaseObjectManager.java
D:\DEV\Java\Projects\RedCore\src\com\redmancometh\redcore\spigotutils\MultiIntData.java
D:\DEV\Java\Projects\RedCore\src\com\redmancometh\redcore\util\ItemUtil.java
D:\DEV\Java\Projects\RedCore\src\com\redmancometh\redcore\protocol\wrappers\outpackets\PacketPlayOutSpawnEntityLiving.java
D:\DEV\Java\Projects\RedCore\src\com\redmancometh\redcore\protocol\wrappers\outpackets\PacketPlayOutEntity.java
D:\DEV\Java\Projects\RedCore\src\com\redmancometh\redcore\util\Pair.java
D:\DEV\Java\Projects\RedCore\src\com\redmancometh\redcore\protocol\wrappers\outpackets\PacketPlayOutEntityTeleport.java
D:\DEV\Java\Projects\RedCore\src\com\redmancometh\redcore\api\TabAPI.java
D:\DEV\Java\Projects\RedCore\src\com\redmancometh\redcore\util\MetaUtil.java
D:\DEV\Java\Projects\RedCore\src\com\redmancometh\redcore\sliceable\SliceableMap.java
D:\DEV\Java\Projects\RedCore\src\com\redmancometh\redcore\nbt\NBTList.java
D:\DEV\Java\Projects\RedCore\src\com\redmancometh\redcore\protocol\wrappers\outpackets\PacketPlayOutMultiBlockChange.java
D:\DEV\Java\Projects\RedCore\src\com\redmancometh\redcore\protocol\wrappers\outpackets\PacketPlayOutEntityVelocity.java
D:\DEV\Java\Projects\RedCore\src\com\redmancometh\redcore\config\MenuTemplate.java
D:\DEV\Java\Projects\RedCore\src\com\redmancometh\redcore\protocol\wrappers\inpackets\PacketPlayInSpectate.java
D:\DEV\Java\Projects\RedCore\src\com\redmancometh\redcore\util\QuintFunction.java
D:\DEV\Java\Projects\RedCore\src\com\redmancometh\redcore\protocol\wrappers\outpackets\PacketPlayOutWorldBorder.java
